
|||||||
f || D && f| ff | fv | d| d| 3
(> file1 < a)

signalhandler herdoc